[backblue.gif]
[fade.gif]
[index.html]
[Handbook.html]
[Introduction.html]
[Conventions_Used_in_this_Handbook.html]
[The_Elements_of_an_NSB/App_Studio_Program.html]
[Expressions_and_Operators.html]
[Function_and_Sub_Procedures.html]
[Projects,_Forms,_and_Controls.html]
[Menu_Options.html]
[Deploy_Bar.html]
[images/5/5a/Deploynsbapp.png]
[images/f/f2/Toolbox1.png]
[images/c/c6/Toolbox2.png]
[Toolbox.html]
[images/8/8c/Toolbox3.png]
[images/3/3b/Designscreen.png]
[Design_Screen.html]
[images/e/e2/Designscreen1.png]
[images/b/bc/Projectexplorer.png]
[Project_Explorer.html]
[images/8/82/3.6.png]
[Properties_Window.html]
[Status_Bar.html]
[images/3/3b/Codewindow.png]
[images/2/2a/Codewindow1.png]
[images/d/d8/Codewindow2.png]
[images/a/a5/Chatgpt.png]
[images/e/ea/Eslint.png]
[Code_Window.html]
[images/thumb/c/c1/Preferences.png/500px-Preferences.png]
[images/thumb/b/b5/Languages.png/400px-Languages.png]
[images/thumb/5/56/Codepreferences.png/400px-Codepreferences.png]
[images/thumb/e/ea/Voltpreferences.png/400px-Voltpreferences.png]
[images/thumb/6/66/Voltbuilderpreferences.png/400px-Voltbuilderpreferences.png]
[images/2/25/Auth0signup.png]
[images/3/30/VoltbuilderPlan.png]
[images/thumb/c/cd/Advancedpreferences.png/400px-Advancedpreferences.png]
[Preferences.html]
[images/a/a0/Nativebuildstatus.png]
[Make_Native_App_with_VoltBuilder.html]
[Testing_and_Deploying.html]
[images/7/7c/About.png]
[About_Screen.html]
[images/1/1a/Findreplace.png]
[Find/Replace.html]
[images/e/e4/NewProjectDialog.png]
[New_Project_Dialog.html]
[images/6/64/OpenSampleDialog.png]
[Open_Sample_Dialog.html]
[Wiki.html]
[Language_reference.html]
[Advanced_Topics.html]
[Appendix.html]
[AppStudio_Documentation.html]
[AppStudio_Privacy_policy.html]
[AppStudio_About.html]
[AppStudio_General_disclaimer.html]
[resources/assets/mediawiki_compact.svg]
[Round.html]
[Dim.html]
[images/b/bf/Codemodules.png]
[Code_Modules.html]
[images/7/72/Checkbox.png]
[images/f/f9/CheckboxOutput.png]
[CheckBox.html]
[images/c/cf/Button.png]
[Button.html]
[images/f/f3/HelloWorld.png]
[images/6/67/List.png]
[images/thumb/c/c5/ListView.png/600px-ListView.png]
[List.html]
[images/4/47/Grid.jpg]
[images/3/36/GridOutput.jpg]
[Grid.html]
[images/2/24/TextBox.png]
[TextBox.html]
[Form.html]
[images/5/58/Gradient.png]
[ChangeForm.html]
[Build_Native_App.html]
[Distributing_your_App.html]
[images/thumb/c/cc/Libraries-SQLite_WASM.png/500px-Libraries-SQLite_WASM.png]
[Using_SQLite_with_Chrome_119.html]
[images/7/7e/Screenshot_2024-05-22_at_9.25.55_AM.png]
[Cordova.html]
[images/thumb/e/eb/Nodejs-new-pantone-black.png/120px-Nodejs-new-pantone-black.png]
[images/thumb/6/67/Npm.png/120px-Npm.png]
[images/thumb/e/ed/Electronjs.png/111px-Electronjs.png]
[images/1/15/Screenshot_2024-08-26_at_10.47.06_AM.png]
[Using_Node_and_Electron_to_build_Desktop_Apps.html]
[images/e/ef/TT10.01.png]
[images/5/5f/TT10.02.png]
[images/0/03/TT10.03.png]
[images/a/a5/TT10.04.png]
[images/5/5a/TT10.05.png]
[images/f/f8/TT10.06.jpg]
[images/6/61/TT10.07.jpg]
[images/6/6a/TT10.08.jpg]
[images/d/d7/Chromedebuggerdevice.png]
[Using_the_Chrome_Debugger.html]
[images/a/aa/3.2.html]
[images/0/0b/Propertygroup.png]
[ToolBox_Files.html]
[images/0/06/3.3.2.png]
[images/8/85/Ath-preview.png]
[images/9/9d/Modal.png]
[images/9/9d/Spinningwheel.jpg]
[images/6/6a/Encrypt.jpg]
[Libraries.html]
[images/9/9a/Container.png]
[images/5/58/Containeraddchild.png]
[Container.html]
[images/5/57/Managing-your-apps-overview.png]
[images/7/75/Managing-your-apps-detail.png]
[Manage_apps.html]
[Obfuscation.html]
[images/f/f2/Rwd02.png]
[images/8/8c/Rwd03.png]
[images/1/1e/Rwd04.png]
[images/b/b7/Rwd05.png]
[images/8/88/CalculatedBounds.png]
[Responsive_Design_Made_Simple.html]
[Style.html]
[images/0/0b/Bsbadge.png]
[images/4/40/Awesomeicon.png]
[images/a/a1/Bschild.png]
[images/2/2b/Bspopover.png]
[images/a/af/Bstooltip.png]
[images/3/32/Bsappearance.png]
[Introduction_to_Bootstrap.html]
[images/e/ef/Screen_Shot_2019-05-19_at_10.52.06_AM.png]
[images/6/6b/Screen_Shot_2019-09-04_at_11.18.52_AM.png]
[Progressive_Web_Apps.html]
[VoltBuilder.html]
[Properties_and_Methods.html]
[images/thumb/b/b4/Screenshot_2023-12-14_at_3.13.53_PM.png/500px-Screenshot_2023-12-14_at_3.13.53_PM.png]
[AI_Coding_Assistant.html]
[Deploy_Options.html]
[Abs.html]
[Ajax.html]
[And.html]
[Array.html]
[Asc.html]
[Atn.html]
[Call.html]
[Changeform-2.html]
[Chr.html]
[Const.html]
[Conversions.html]
[Cos.html]
[Date.html]
[Dateadd.html]
[Datediff.html]
[Datepart.html]
[Dateserial.html]
[Datevalue.html]
[Day.html]
[Debugger.html]
[Do...html]
[Eqv.html]
[Erase.html]
[images/6/68/Imbox_deletion.png]
[Escape.html]
[Eval.html]
[Events.html]
[Execute.html]
[Exit.html]
[Exp.html]
[Filter.html]
[Fix.html]
[For...html]
[For_each...html]
[Format.html]
[Function.html]
[Getlocale.html]
[Getref.html]
[Geturlparameter.html]
[Hex.html]
[Hour.html]
[Html.html]
[If...then...html]
[Imp.html]
[images/6/64/InputBox.jpg]
[Inputbox.html]
[Instr/instrrev.html]
[Int.html]
[Is_(operator).html]
[Is_(function).html]
[Javascript...html]
[Join.html]
[Json.html]
[Json-2.html]
[Lbound.html]
[Lcase.html]
[Left.html]
[Len.html]
[Localstorage.html]
[Location.html]
[Log.html]
[Log10.html]
[Ltrim.html]
[Mid.html]
[Minute.html]
[Mod.html]
[Month.html]
[Monthname.html]
[Msgbox.html]
[Not.html]
[Now.html]
[Nsbversion.html]
[NSB.html]
[images/5/5d/NsbInputBoxAndroid.png]
[images/3/3f/NsbMsgBox1android.png]
[images/5/55/NsbMsgBox2android.png]
[images/5/57/NsbMsgBox3android.png]
[Nsb-2.html]
[images/f/f2/NSB.ShowProgress.png]
[Nsb-3.html]
[Oct.html]
[Or.html]
[images/1/1f/Print.png]
[images/8/8f/Print1.png]
[Print.html]
[Properties_and_methods-2.html]
[Readfile.html]
[Redim.html]
[Rem.html]
[Replace.html]
[Rgb.html]
[Right.html]
[Rnd.html]
[Rtrim.html]
[Second.html]
[Select_case.html]
[Sessionstorage.html]
[Set.html]
[Settimeout.html]
[Sgn.html]
[Sin.html]
[Sleep.html]
[Sort.html]
[Space.html]
[Split.html]
[Sql.html]
[Sqlexport.html]
[Sqlimport.html]
[Sqlopendatabase.html]
[Sqr.html]
[Strcomp.html]
[String.html]
[Strreverse.html]
[Sub.html]
[Sysinfo.html]
[Tan.html]
[Time.html]
[Timeserial.html]
[Timevalue.html]
[Trim.html]
[Try...html]
[Typename.html]
[Ubound.html]
[Ucase.html]
[Vartype.html]
[Waitcursor.html]
[Weekday.html]
[images/d/de/Ajax-loader.gif]
[Weekdayname.html]
[With...html]
[While...html]
[Xor.html]
[Year.html]
[Adsense.html]
[Audio.html]
[Buttonbar.html]
[Checkbox-2.html]
[images/d/d7/ButtonClassic.jpg]
[images/e/e0/ComboBox.jpg]
[Combobox.html]
[images/a/a1/ComboBoxOutput.jpg]
[images/thumb/9/9a/Dateios.png/200px-Dateios.png]
[images/thumb/b/b4/Timeios.png/200px-Timeios.png]
[images/thumb/e/e1/DateAndroidMM.png/200px-DateAndroidMM.png]
[Date,_datetime.html]
[images/f/fd/Facebook.jpg]
[Facebook.html]
[images/4/4a/FlipToggle.png]
[Fliptoggle.html]
[images/c/c1/FooterBar.png]
[Footerbar.html]
[images/7/7f/HeaderBar.png]
[Headerbar.html]
[Htmlview.html]
[images/1/12/HTMLview.jpg]
[images/7/78/Image.jpg]
[images/7/77/Dragimagefolder.png]
[images/b/b5/Qrcode.png]
[images/6/6f/ImageOutput.jpg]
[Image.html]
[images/c/c6/Label.jpg]
[Label.html]
[images/2/27/MenuClassic.jpg]
[images/9/90/MenuClassicOutput.jpg]
[Menu.html]
[Menunumbertitledescarrow.html]
[images/e/ee/MenuNumber.jpg]
[images/5/53/MenuTime.jpg]
[Menunumbertitletime.html]
[Menutextblock.html]
[images/e/ed/MenuText.jpg]
[images/6/60/Month.jpg]
[Month_(C).html]
[Multiinput.html]
[Navbar.html]
[images/5/57/NavBar.png]
[images/7/70/PayPal.jpg]
[Paypal.html]
[images/7/73/PayPalDesc.jpg]
[images/3/36/PictureBoxOutput.jpg]
[PictureBox.html]
[images/5/5f/Popup3.png]
[images/6/66/Popup2.png]
[images/6/65/Popup1.png]
[PopUp.html]
[images/d/d3/RadioButton.png]
[Radiobutton.html]
[images/e/e8/Select.png]
[images/0/05/SelectOutput1.jpg]
[images/2/22/SelectOutput2.jpg]
[Select.html]
[images/0/04/Slider.png]
[Slider.html]
[Textarea.html]
[Textbox-2.html]
[images/a/ac/Time.jpg]
[Time_(C).html]
[images/9/9d/TitleBar1.jpg]
[images/d/d5/TitleBar2.jpg]
[images/7/76/TitleBarOutput.jpg]
[Titlebar.html]
[images/6/66/Tooltip1.png]
[images/5/5d/Tooltip2.png]
[ToolTip.html]
[images/2/2a/Twitter.jpg]
[images/e/e1/Twitterwidget.png]
[Twitter.html]
[images/3/33/Video.jpg]
[Video.html]
[Body.html]
[Document.html]
[Element.html]
[Event.html]
[Geolocation.html]
[Navigator.html]
[Window.html]
[NSBVersion-2.html]
[AppVersion.html]
[BuildCounter.html]
[NSBCurrentForm.html]
[NSB-4.html]
[Style/End_Style.html]
[Formatting_Functions.html]
[Tech_Notes.html]
[Tutorials.html]
[AppStudio_FAQ.html]
[Version_9.html]
[Version_8.html]
[Version_7.html]
[Version_6.html]
[Version_5.html]
[Version_4.html]
[Version_3.html]
[Solutions_to_Common_Problems.html]
[Category_Language_Reference.html]
[Category_Controls.html]
[Category_Bootstrap.html]
[Category_JQuery_Mobile.html]
[Category_JqWidgets.html]
[Category_Math.html]
[Category_BASIC_Functions.html]
[Category_Variables.html]
[ThemeRoller.html]
[Category_Common.html]
[Category_IWebKit.html]
[Modal_Forms.html]
[ScreenMode.html]
[Category_Statements_-_Flow_of_control.html]
[Submitting_to_the_iOS_App_Store.html]
[Subscriptions.html]
[SqlImport-2.html]
[Support_for_SQLite.html]
[SqlOpenDatabase-2.html]
[Submitting_to_the_Google_Play_and_Amazon_Stores.html]
[ElectronMain.html]
[Category_General.html]
[User_confirmation.html]
[Resetting_passwords.html]
[Manage_users.html]
[images/2/2e/Rwd01.html]
[Category_Objects.html]
[Bootstrap_3_vs_Bootstrap_4.html]
[Bootstrap_Grids.html]
[Thumbnail_(Bootstrap).html]
[Label_(Bootstrap).html]
[Alert_(Bootstrap).html]
[Breadcrumbs_(Bootstrap).html]
[Button_(Bootstrap).html]
[Checkbox_(Bootstrap).html]
[Dropdown_(Bootstrap).html]
[GridColumn_(Bootstrap).html]
[GridRow_(Bootstrap).html]
[Image_(Bootstrap).html]
[Input_(Bootstrap).html]
[Jumbotron_(Bootstrap).html]
[Listgroup_(Bootstrap).html]
[Media_(Bootstrap).html]
[Modal_(Bootstrap).html]
[Pageheader_(Bootstrap).html]
[Pagination_(Bootstrap).html]
[Panel_(Bootstrap).html]
[Progressbar_(Bootstrap).html]
[Radiobutton_(Bootstrap).html]
[Select_(Bootstrap).html]
[Tabs_(Bootstrap).html]
[Textarea_(Bootstrap).html]
[images/thumb/c/c9/Pwalogo.png/300px-Pwalogo.html]
[Web_Sharing.html]
[Ajax_made_Simple.html]
[EncodeURIComponent/decodeURIComponent.html]
[GetJSON.html]
[ReadFile-2.html]
[Category_Miscellaneous.html]
[Category_Logical_Operators.html]
[Category_Strings.html]
[Number.html]
[Category_Date_and_Time.html]
[DateAdd-2.html]
[DateDiff-2.html]
[DatePart-2.html]
[DateSerial-2.html]
[DateValue-2.html]
[Do..-2.html]
[Escape/unEscape.html]
[EncodeURI/decodeURI.html]
[Category_Variable_Handling.html]
[For..-2.html]
[For_Each..-2.html]
[ForEach.html]
[GetLocale-2.html]
[GetRef-2.html]
[GetURLParameter-2.html]
[HTML-2.html]
[Javascript..-2.html]
[If...Then..-2.html]
[InputBox-2.html]
[Nsb-5.html]
[Category_Messages.html]
[Instr/InstrRev-2.html]
[The_role_of_JavaScript,_HTML5_and_WebKit.html]
[JSON-3.html]
[JSON-4.html]
[LBound-2.html]
[LocalStorage-2.html]
[LocalStorage_made_Simple.html]
[ServerStorage.html]
[LTrim-2.html]
[MonthName-2.html]
[MsgBox-2.html]
[NSB-6.html]
[NSB-7.html]
[Using_Cordova_Plugins.html]
[ReDim-2.html]
[RGB-2.html]
[Select_Case-2.html]
[SessionStorage-2.html]
[SetTimeout-2.html]
[SetInterval.html]
[Using_SQLite.html]
[SQLite_Reference.html]
[Talk_Sql.html]
[SqlExport-2.html]
[StrComp-2.html]
[StrReverse-2.html]
[SysInfo-2.html]
[TimeSerial-2.html]
[TimeValue-2.html]
[Try..-2.html]
[TypeName-2.html]
[UBound-2.html]
[UCase-2.html]
[VarType-2.html]
[WaitCursor-2.html]
[WeekdayName-2.html]
[With..-2.html]
[While..-2.html]
[images/a/ae/Audio.html]
[ButtonBar-2.html]
[ComboBox-2.html]
[Date,_DateTime-2.html]
[FlipToggle-2.html]
[HeaderBar-2.html]
[HTMLView-2.html]
[QRCode.html]
[MenuNumberTitleDescArrow-2.html]
[MenuNumberTitleTime-2.html]
[MenuTextBlock-2.html]
[Datetime.html]
[NavBar-2.html]
[PayPal-2.html]
[RadioButton-2.html]
[TitleBar-2.html]
[Project_CSS.html]
[Compatibility_with_other_versions_of_BASIC.html]
[Emulators_and_Simulators.html]
[Using_Smart_Device_Sensors.html]
[Using_the_Cordova_API__Pushwoosh.html]
[How_to_run_fullscreen_in_an_Android_Chrome_app.html]
[Using_Google_Glass_with_AppStudio.html]
[NoSQL_DBs_and_AppStudio.html]
[Google_Drive_API.html]
[GitHub.html]
[Internationalization_(i18n).html]
[Validation.html]
[AppStudio_Project_File_Format.html]
[Web_Apps_Compared_to_PhoneGap_Apps.html]
[AppStudio_Course.html]
[Tutorials_and_Courses.html]
[A_Simple_Program.html]
[Adding_Two_Numbers.html]
[Using_the_Select_Control.html]
[Multiple_Forms.html]
[Communicating_with_a_Server.html]
[WebSockets.html]
[A_Simple_Program_-_JS.html]
[Adding_Two_Numbers_-_JS.html]
[TicTacToe.html]
[Using_the_Select_Control_-_JS.html]
[Multiple_Forms_-_JS.html]
[Communicating_with_a_Server_-_JS.html]
[Kesbath_Course.html]
[JavaScript_for_BASIC_Programmers.html]
[NSB/App_Studio_FAQ.html]
[Orientation.html]
[Bootstrap_5.html]
[index-2.html]
[Input_(Bootstrap_5).html]
[Range_(Bootstrap).html]
[SQLite_made_Simple.html]
[OffCanvas_(Bootstrap_5).html]
[EULA.html]
[Signature.html]
[Spinner_(Bootstrap).html]
[Add_AI_to_your_app_using_ChatGPT.html]
[Slider_(Bootstrap).html]
[SQLDump.html]
[Carousel_(Bootstrap).html]
[Snackbar_(Bootstrap_4,_5).html]
[Converting_jQuery_Mobile_to_Bootstrap_4.html]
[Volt_for_appstudio.html]
[Navs_(Bootstrap).html]
[PhoneGap_CLI.html]
[Frameworks.html]
[Calculation.html]
[JqxListBox.html]
[Generic.html]
[JqxCheckBox.html]
[Panel.html]
[PlaySound.html]
[SplashScreens.html]
[Debuggers.html]
[Making_Desktop_Apps_with_App_Studio.html]
[Object.html]
[JqxGrid.html]
[Using_the_PhoneGap_API__Pushwoosh.html]
[JqxRadialGauge.html]
[PhoneGap_AuthToken.html]
[YouTube.html]
[JqxMenu.html]
[Line.html]
[Google_Maps.html]
[Window-2.html]
[Camera.html]
[JqxButton.html]
[JqxTabs.html]
[Using_Dropbox_to_save_files.html]
[Using_a_Dropbox_Datastore.html]
[IndexOf.html]
[Push.html]
[Splice.html]
[TextArea-2.html]
[Using_the_PhoneGap_API.html]
[JqxColorPicker.html]
[Console.html]
[JqxInput.html]
[IOS7.html]
[Phonegap_debugger.html]
[ProgressBar.html]
[JqxCalendar.html]
[JqxCalender.html]
[JqxPhotoGallery.html]
[JqxRating.html]
[JqxChart.html]
[Emoji.html]
[MultiInput-2.html]
[NSB-8.html]
[JqxTree.html]
[JQueryMobile1.html]
[JqxSwitchButton.html]
[AppStorage.html]
[Card_(Bootstrap).html]
[Changing_Themes.html]
[ClipboardData.html]
[Collapsible.html]
[CSSGrid.html]
[CSSGridItem.html]
[Custom_Icons.html]
[DataTable_(Bootstrap).html]
[EXE.html]
[FileReader.html]
[Flexbox.html]
[Fliptoggle_(Bootstrap).html]
[Hamburger_(Bootstrap).html]
[Header.html]
[JqxComboBox.html]
[JqxDateTimeInput.html]
[JqxDocking.html]
[JqxDragDrop.html]
[JqxDropDownList.html]
[JqxEditor.html]
[JqxLinearGauge.html]
[JqxListMenu.html]
[JqxMaskedInput.html]
[JqxNavigationBar.html]
[JqxPasswordInput.html]
[JqxScheduler.html]
[JqxValidator.html]
[JqxWindow.html]
[Math.html]
[NSB-9.html]
[PlayTone.html]
